Archive member included to satisfy reference by file (symbol)

c:/program files/microchip/xc32/v4.45/bin/bin/../../lib/gcc/pic32c/8.3.1/../../../../pic32c/lib/thumb/v6-m/nofp\libpic32c.a(data_init.o)
                              build/sam_c21n_xpro/production/_ext/1758384875/startup_xc32.o (__pic32c_data_initialization)
c:/program files/microchip/xc32/v4.45/bin/bin/../../lib/gcc/pic32c/8.3.1/../../../../pic32c/lib/thumb/v6-m/nofp\libc-size-musl.a(memcpy.o)
                              build/sam_c21n_xpro/production/_ext/1390800348/plib_dmac.o (memcpy)
c:/program files/microchip/xc32/v4.45/bin/bin/../../lib/gcc/pic32c/8.3.1/../../../../pic32c/lib/thumb/v6-m/nofp\libc-musl.a(__libc_start_main.o)
                              build/sam_c21n_xpro/production/_ext/1758384875/startup_xc32.o (__libc_init_array)
c:/program files/microchip/xc32/v4.45/bin/bin/../../lib/gcc/pic32c/8.3.1/../../../../pic32c/lib/thumb/v6-m/nofp\libc-musl.a(libc.o)
                              c:/program files/microchip/xc32/v4.45/bin/bin/../../lib/gcc/pic32c/8.3.1/../../../../pic32c/lib/thumb/v6-m/nofp\libc-musl.a(__libc_start_main.o) (__progname_full)
c:/program files/microchip/xc32/v4.45/bin/bin/../../lib/gcc/pic32c/8.3.1/../../../../pic32c/lib/thumb/v6-m/nofp\libc-musl.a(__environ.o)
                              c:/program files/microchip/xc32/v4.45/bin/bin/../../lib/gcc/pic32c/8.3.1/../../../../pic32c/lib/thumb/v6-m/nofp\libc-musl.a(__libc_start_main.o) (__environ)
c:/program files/microchip/xc32/v4.45/bin/bin/../../lib/gcc/pic32c/8.3.1/../../../../pic32c/lib/thumb/v6-m/nofp\libpic32c.a(pic32_data_init_clear.o)
                              (__dinit_clear_needed)
c:/program files/microchip/xc32/v4.45/bin/bin/../../lib/gcc/pic32c/8.3.1/../../../../pic32c/lib/thumb/v6-m/nofp\libpic32c.a(pic32_data_init_copy.o)
                              (__dinit_copy_needed)

Microchip PIC32 Memory-Usage Report

ROM Program-Memory Usage
section                    address  length [bytes]      (dec)  Description
-------                 ----------  -------------------------  -----------
.vectors                         0           0xbc         188   
.text                         0xbc           0x20          32  App's exec code 
.rodata.sine_wave             0xdc         0x2710       10000   
.text.CLOCK_Initialize      0x27ec           0xb0         176   
.text.DMAC_InterruptHan     0x289c           0x7c         124   
.text.DMAC_ChannelLinke     0x2918           0x78         120   
.dinit                      0x2990           0x60          96   
.text.__libc_start_init     0x29f0           0x5c          92   
.text.DMAC_Initialize       0x2a4c           0x58          88   
.text                       0x2aa4           0x48          72  App's exec code 
.text.Reset_Handler         0x2aec           0x48          72   
.text.EVSYS_InterruptHa     0x2b34           0x3c          60   
.text.NVIC_Initialize       0x2b70           0x3c          60   
.text.TC0_TimerInitiali     0x2bac           0x34          52   
.text.InitializeTxLinke     0x2be0           0x34          52   
.text.__pic32c_data_ini     0x2c14           0x34          52   
.text.SYS_Initialize        0x2c48           0x2c          44   
.text.main                  0x2c74           0x20          32   
.text.__dinit_copy          0x2c94           0x1e          30   
.text.Dummy_Handler         0x2cb2            0x2           2   
.text.DAC_Initialize        0x2cb4           0x1c          28   
.text.EVSYS_Initialize      0x2cd0           0x1c          28   
.text.TC0_TimerStart        0x2cec           0x1c          28   
.rodata                     0x2d08           0x14          20  Read-only const 
.text.memcpy                0x2d1c           0x14          20   
.text.__dinit_clear         0x2d30           0x12          18   
.text.NonMaskableInt_Ha     0x2d42            0x2           2   
.text.NVMCTRL_Initializ     0x2d44            0xc          12   
.text.__dummy_decompres     0x2d50            0x4           4   
.text.HardFault_Handler     0x2d54            0x2           2   
.text.Dummy_App_Func        0x2d56            0x2           2   
.text.__dummy               0x2d58            0x2           2   
      Total ROM used  :      0x2d5a       11610  4.4% of 0x40000
        --------------------------------------------------------------------------
         Total Program Memory used  :      0x2d5a       11610  4.4% of 0x40000
        --------------------------------------------------------------------------


RAM Data-Memory Usage
section                    address  length [bytes]      (dec)  Description
-------                 ----------  -------------------------  -----------
.bss                    0x20000000           0x50          80  Uninitialized data 
.bss                    0x20000050           0x1c          28  Uninitialized data 
.bss                    0x2000006c            0x4           4  Uninitialized data 
.bss.descriptor_section 0x20000070           0x10          16   
.bss.dmacChannelObj     0x20000080           0x10          16   
.bss.write_back_section 0x20000090           0x10          16   
.bss.pTxLinkedListDesc  0x200000a0           0x10          16   
.bss.evsys              0x200000b0            0x8           8   
.bss                    0x200000b8            0x4           4  Uninitialized data 
         Total RAM used  :        0xbc         188  0.6% of 0x8000
        --------------------------------------------------------------------------
            Total Data Memory used  :        0xbc         188  0.6% of 0x8000
        --------------------------------------------------------------------------


Dynamic Data-Memory Reservation
section                    address  length [bytes]      (dec)  Description
-------                 ----------  -------------------------  -----------
heap                    0x200000c0          0x200         512  Reserved for heap 
stack                   0x200002d8         0x7d18       32024  Reserved for stack 

        --------------------------------------------------------------------------

Microchip PIC32 Memory-Usage Report By Module

        text        data         bss         dec         hex    basename                   filename
--------------------------------------------------------------------------------
       10084           0          16       10100        2774    main.o                 build/sam_c21n_xpro/production/_ext/1360937237/main.o
         332           0          48         380         17c    plib_dmac.o            build/sam_c21n_xpro/production/_ext/1390800348/plib_dmac.o
         190           0           0         190          be    interrupts.o           build/sam_c21n_xpro/production/_ext/1758384875/interrupts.o
         176           0           0         176          b0    plib_clock.o           build/sam_c21n_xpro/production/_ext/166077579/plib_clock.o
          80           0          28         108          6c    crtbegin.o             c:/program files/microchip/xc32/v4.45/bin/bin/../../lib/gcc/pic32c/8.3.1/thumb/v6-m/nofp/crtbegin.o
          88           0           8          96          60    plib_evsys.o           build/sam_c21n_xpro/production/_ext/163928093/plib_evsys.o
          96           0           0          96          60    data_init              data_init
          94           0           0          94          5e    __libc_start_main.o    libc-musl.a
           0           0          80          80          50    libc.o                 libc-musl.a
          80           0           0          80          50    plib_tc0.o             build/sam_c21n_xpro/production/_ext/1333288856/plib_tc0.o
          76           0           4          80          50    data_init.o            libpic32c.a
          74           0           0          74          4a    startup_xc32.o         build/sam_c21n_xpro/production/_ext/1758384875/startup_xc32.o
          60           0           0          60          3c    plib_nvic.o            build/sam_c21n_xpro/production/_ext/1390493541/plib_nvic.o
          52           0           0          52          34    initialization.o       build/sam_c21n_xpro/production/_ext/1758384875/initialization.o
          30           0           0          30          1e    pic32_data_init_copy.o libpic32c.a
          28           0           0          28          1c    plib_dac.o             build/sam_c21n_xpro/production/_ext/1617703085/plib_dac.o
          20           0           0          20          14    memcpy.o               libc-size-musl.a
          18           0           0          18          12    pic32_data_init_clear.olibpic32c.a
          16           0           0          16          10    crtn.o                 c:/program files/microchip/xc32/v4.45/bin/bin/../../lib/gcc/pic32c/8.3.1/thumb/v6-m/nofp/crtn.o
          12           0           0          12           c    plib_nvmctrl.o         build/sam_c21n_xpro/production/_ext/770299191/plib_nvmctrl.o
           8           0           0           8           8    crti.o                 c:/program files/microchip/xc32/v4.45/bin/bin/../../lib/gcc/pic32c/8.3.1/thumb/v6-m/nofp/crti.o
           4           0           0           4           4    exceptions.o           build/sam_c21n_xpro/production/_ext/1758384875/exceptions.o
           0           0           4           4           4    __environ.o            libc-musl.a
--------------------------------------------------------------------------------
       11618           0         188       11806        2e1e    dist/sam_c21n_xpro/production/sam_c21n_xpro.X.production.elf


Discarded input sections

 .text          0x0000000000000000        0x0 c:/program files/microchip/xc32/v4.45/bin/bin/../../lib/gcc/pic32c/8.3.1/thumb/v6-m/nofp/crti.o
 .data          0x0000000000000000        0x0 c:/program files/microchip/xc32/v4.45/bin/bin/../../lib/gcc/pic32c/8.3.1/thumb/v6-m/nofp/crti.o
 .bss           0x0000000000000000        0x0 c:/program files/microchip/xc32/v4.45/bin/bin/../../lib/gcc/pic32c/8.3.1/thumb/v6-m/nofp/crti.o
 .xc_stack_usage.hdr
                0x0000000000000000        0xe c:/program files/microchip/xc32/v4.45/bin/bin/../../lib/gcc/pic32c/8.3.1/thumb/v6-m/nofp/crti.o
 .xc_stack_usage
                0x0000000000000000       0x26 c:/program files/microchip/xc32/v4.45/bin/bin/../../lib/gcc/pic32c/8.3.1/thumb/v6-m/nofp/crti.o
 .data          0x0000000000000000        0x4 c:/program files/microchip/xc32/v4.45/bin/bin/../../lib/gcc/pic32c/8.3.1/thumb/v6-m/nofp/crtbegin.o
 .xc_stack_usage
                0x0000000000000000       0x3c c:/program files/microchip/xc32/v4.45/bin/bin/../../lib/gcc/pic32c/8.3.1/thumb/v6-m/nofp/crtbegin.o
 .xc_stack_usage.hdr
                0x0000000000000000        0xe c:/program files/microchip/xc32/v4.45/bin/bin/../../lib/gcc/pic32c/8.3.1/thumb/v6-m/nofp/crtbegin.o
 .text          0x0000000000000000        0x0 build/sam_c21n_xpro/production/_ext/166077579/plib_clock.o
 .data          0x0000000000000000        0x0 build/sam_c21n_xpro/production/_ext/166077579/plib_clock.o
 .bss           0x0000000000000000        0x0 build/sam_c21n_xpro/production/_ext/166077579/plib_clock.o
 .text          0x0000000000000000        0x0 build/sam_c21n_xpro/production/_ext/1617703085/plib_dac.o
 .data          0x0000000000000000        0x0 build/sam_c21n_xpro/production/_ext/1617703085/plib_dac.o
 .bss           0x0000000000000000        0x0 build/sam_c21n_xpro/production/_ext/1617703085/plib_dac.o
 .text.DAC_DataWrite
                0x0000000000000000       0x18 build/sam_c21n_xpro/production/_ext/1617703085/plib_dac.o
 .text.DAC_IsReady
                0x0000000000000000       0x10 build/sam_c21n_xpro/production/_ext/1617703085/plib_dac.o
 .text          0x0000000000000000        0x0 build/sam_c21n_xpro/production/_ext/1390800348/plib_dmac.o
 .data          0x0000000000000000        0x0 build/sam_c21n_xpro/production/_ext/1390800348/plib_dmac.o
 .bss           0x0000000000000000        0x0 build/sam_c21n_xpro/production/_ext/1390800348/plib_dmac.o
 .text.DMAC_ChannelTransfer
                0x0000000000000000       0xc8 build/sam_c21n_xpro/production/_ext/1390800348/plib_dmac.o
 .text.DMAC_ChannelIsBusy
                0x0000000000000000       0x34 build/sam_c21n_xpro/production/_ext/1390800348/plib_dmac.o
 .text.DMAC_ChannelTransferStatusGet
                0x0000000000000000       0x28 build/sam_c21n_xpro/production/_ext/1390800348/plib_dmac.o
 .text.DMAC_ChannelDisable
                0x0000000000000000       0x3c build/sam_c21n_xpro/production/_ext/1390800348/plib_dmac.o
 .text.DMAC_ChannelGetTransferredCount
                0x0000000000000000       0x1c build/sam_c21n_xpro/production/_ext/1390800348/plib_dmac.o
 .text.DMAC_LinkedListDescriptorSetup
                0x0000000000000000       0x36 build/sam_c21n_xpro/production/_ext/1390800348/plib_dmac.o
 .text.DMAC_ChannelSuspend
                0x0000000000000000       0x28 build/sam_c21n_xpro/production/_ext/1390800348/plib_dmac.o
 .text.DMAC_ChannelResume
                0x0000000000000000       0x28 build/sam_c21n_xpro/production/_ext/1390800348/plib_dmac.o
 .text.DMAC_ChannelCallbackRegister
                0x0000000000000000       0x10 build/sam_c21n_xpro/production/_ext/1390800348/plib_dmac.o
 .text.DMAC_ChannelSettingsGet
                0x0000000000000000       0x10 build/sam_c21n_xpro/production/_ext/1390800348/plib_dmac.o
 .text.DMAC_ChannelSettingsSet
                0x0000000000000000       0x3c build/sam_c21n_xpro/production/_ext/1390800348/plib_dmac.o
 .text.DMAC_CRCDisable
                0x0000000000000000       0x14 build/sam_c21n_xpro/production/_ext/1390800348/plib_dmac.o
 .text.DMAC_ChannelCRCSetup
                0x0000000000000000       0x40 build/sam_c21n_xpro/production/_ext/1390800348/plib_dmac.o
 .text.DMAC_CRCRead
                0x0000000000000000        0xc build/sam_c21n_xpro/production/_ext/1390800348/plib_dmac.o
 .text.DMAC_CRCCalculate
                0x0000000000000000       0x88 build/sam_c21n_xpro/production/_ext/1390800348/plib_dmac.o
 .text          0x0000000000000000        0x0 build/sam_c21n_xpro/production/_ext/163928093/plib_evsys.o
 .data          0x0000000000000000        0x0 build/sam_c21n_xpro/production/_ext/163928093/plib_evsys.o
 .bss           0x0000000000000000        0x0 build/sam_c21n_xpro/production/_ext/163928093/plib_evsys.o
 .text.EVSYS_GeneratorEnable
                0x0000000000000000       0x18 build/sam_c21n_xpro/production/_ext/163928093/plib_evsys.o
 .text.EVSYS_GeneratorDisable
                0x0000000000000000       0x14 build/sam_c21n_xpro/production/_ext/163928093/plib_evsys.o
 .text.EVSYS_UserEnable
                0x0000000000000000       0x12 build/sam_c21n_xpro/production/_ext/163928093/plib_evsys.o
 .text.EVSYS_UserDisable
                0x0000000000000000        0xe build/sam_c21n_xpro/production/_ext/163928093/plib_evsys.o
 .text.EVSYS_InterruptEnable
                0x0000000000000000        0xa build/sam_c21n_xpro/production/_ext/163928093/plib_evsys.o
 .text.EVSYS_InterruptDisable
                0x0000000000000000        0xa build/sam_c21n_xpro/production/_ext/163928093/plib_evsys.o
 .text.EVSYS_CallbackRegister
                0x0000000000000000       0x10 build/sam_c21n_xpro/production/_ext/163928093/plib_evsys.o
 .text          0x0000000000000000        0x0 build/sam_c21n_xpro/production/_ext/1390493541/plib_nvic.o
 .data          0x0000000000000000        0x0 build/sam_c21n_xpro/production/_ext/1390493541/plib_nvic.o
 .bss           0x0000000000000000        0x0 build/sam_c21n_xpro/production/_ext/1390493541/plib_nvic.o
 .text.NVIC_INT_Enable
                0x0000000000000000        0x8 build/sam_c21n_xpro/production/_ext/1390493541/plib_nvic.o
 .text.NVIC_INT_Disable
                0x0000000000000000       0x12 build/sam_c21n_xpro/production/_ext/1390493541/plib_nvic.o
 .text.NVIC_INT_Restore
                0x0000000000000000       0x14 build/sam_c21n_xpro/production/_ext/1390493541/plib_nvic.o
 .text.NVIC_INT_SourceDisable
                0x0000000000000000       0x3c build/sam_c21n_xpro/production/_ext/1390493541/plib_nvic.o
 .text.NVIC_INT_SourceRestore
                0x0000000000000000       0x1c build/sam_c21n_xpro/production/_ext/1390493541/plib_nvic.o
 .text          0x0000000000000000        0x0 build/sam_c21n_xpro/production/_ext/770299191/plib_nvmctrl.o
 .data          0x0000000000000000        0x0 build/sam_c21n_xpro/production/_ext/770299191/plib_nvmctrl.o
 .bss           0x0000000000000000        0x0 build/sam_c21n_xpro/production/_ext/770299191/plib_nvmctrl.o
 .text.NVMCTRL_CacheInvalidate
                0x0000000000000000       0x10 build/sam_c21n_xpro/production/_ext/770299191/plib_nvmctrl.o
 .text.NVMCTRL_RWWEEPROM_Read
                0x0000000000000000       0x10 build/sam_c21n_xpro/production/_ext/770299191/plib_nvmctrl.o
 .text.NVMCTRL_RWWEEPROM_PageWrite
                0x0000000000000000       0x28 build/sam_c21n_xpro/production/_ext/770299191/plib_nvmctrl.o
 .text.NVMCTRL_RWWEEPROM_RowErase
                0x0000000000000000       0x18 build/sam_c21n_xpro/production/_ext/770299191/plib_nvmctrl.o
 .text.NVMCTRL_Read
                0x0000000000000000       0x10 build/sam_c21n_xpro/production/_ext/770299191/plib_nvmctrl.o
 .text.NVMCTRL_PageBufferWrite
                0x0000000000000000       0x14 build/sam_c21n_xpro/production/_ext/770299191/plib_nvmctrl.o
 .text.NVMCTRL_PageBufferCommit
                0x0000000000000000       0x30 build/sam_c21n_xpro/production/_ext/770299191/plib_nvmctrl.o
 .text.NVMCTRL_PageWrite
                0x0000000000000000       0x28 build/sam_c21n_xpro/production/_ext/770299191/plib_nvmctrl.o
 .text.NVMCTRL_RowErase
                0x0000000000000000       0x18 build/sam_c21n_xpro/production/_ext/770299191/plib_nvmctrl.o
 .text.NVMCTRL_USER_ROW_PageWrite
                0x0000000000000000       0x38 build/sam_c21n_xpro/production/_ext/770299191/plib_nvmctrl.o
 .text.NVMCTRL_USER_ROW_RowErase
                0x0000000000000000       0x2c build/sam_c21n_xpro/production/_ext/770299191/plib_nvmctrl.o
 .text.NVMCTRL_ErrorGet
                0x0000000000000000       0x18 build/sam_c21n_xpro/production/_ext/770299191/plib_nvmctrl.o
 .text.NVMCTRL_IsBusy
                0x0000000000000000       0x14 build/sam_c21n_xpro/production/_ext/770299191/plib_nvmctrl.o
 .text.NVMCTRL_RegionLock
                0x0000000000000000       0x14 build/sam_c21n_xpro/production/_ext/770299191/plib_nvmctrl.o
 .text.NVMCTRL_RegionUnlock
                0x0000000000000000       0x14 build/sam_c21n_xpro/production/_ext/770299191/plib_nvmctrl.o
 .text.NVMCTRL_SecurityBitSet
                0x0000000000000000       0x10 build/sam_c21n_xpro/production/_ext/770299191/plib_nvmctrl.o
 .text          0x0000000000000000        0x0 build/sam_c21n_xpro/production/_ext/1390440390/plib_port.o
 .data          0x0000000000000000        0x0 build/sam_c21n_xpro/production/_ext/1390440390/plib_port.o
 .bss           0x0000000000000000        0x0 build/sam_c21n_xpro/production/_ext/1390440390/plib_port.o
 .text.PORT_GroupRead
                0x0000000000000000        0x4 build/sam_c21n_xpro/production/_ext/1390440390/plib_port.o
 .text.PORT_GroupWrite
                0x0000000000000000        0xc build/sam_c21n_xpro/production/_ext/1390440390/plib_port.o
 .text.PORT_GroupLatchRead
                0x0000000000000000        0x4 build/sam_c21n_xpro/production/_ext/1390440390/plib_port.o
 .text.PORT_GroupSet
                0x0000000000000000        0x4 build/sam_c21n_xpro/production/_ext/1390440390/plib_port.o
 .text.PORT_GroupClear
                0x0000000000000000        0x4 build/sam_c21n_xpro/production/_ext/1390440390/plib_port.o
 .text.PORT_GroupToggle
                0x0000000000000000        0x4 build/sam_c21n_xpro/production/_ext/1390440390/plib_port.o
 .text.PORT_GroupInputEnable
                0x0000000000000000        0x4 build/sam_c21n_xpro/production/_ext/1390440390/plib_port.o
 .text.PORT_GroupOutputEnable
                0x0000000000000000        0x4 build/sam_c21n_xpro/production/_ext/1390440390/plib_port.o
 .text.PORT_PinPeripheralFunctionConfig
                0x0000000000000000       0x46 build/sam_c21n_xpro/production/_ext/1390440390/plib_port.o
 .text.PORT_PinGPIOConfig
                0x0000000000000000       0x1e build/sam_c21n_xpro/production/_ext/1390440390/plib_port.o
 .debug_info    0x0000000000000000      0x72c build/sam_c21n_xpro/production/_ext/1390440390/plib_port.o
 .debug_abbrev  0x0000000000000000      0x1af build/sam_c21n_xpro/production/_ext/1390440390/plib_port.o
 .debug_loc     0x0000000000000000      0x226 build/sam_c21n_xpro/production/_ext/1390440390/plib_port.o
 .debug_aranges
                0x0000000000000000       0x68 build/sam_c21n_xpro/production/_ext/1390440390/plib_port.o
 .debug_ranges  0x0000000000000000       0x58 build/sam_c21n_xpro/production/_ext/1390440390/plib_port.o
 .debug_line    0x0000000000000000      0x264 build/sam_c21n_xpro/production/_ext/1390440390/plib_port.o
 .debug_str     0x0000000000000000      0x9fb build/sam_c21n_xpro/production/_ext/1390440390/plib_port.o
 .comment       0x0000000000000000       0x2c build/sam_c21n_xpro/production/_ext/1390440390/plib_port.o
 .debug_frame   0x0000000000000000       0xbc build/sam_c21n_xpro/production/_ext/1390440390/plib_port.o
 .ARM.attributes
                0x0000000000000000       0x2c build/sam_c21n_xpro/production/_ext/1390440390/plib_port.o
 .text          0x0000000000000000        0x0 build/sam_c21n_xpro/production/_ext/1333288856/plib_tc0.o
 .data          0x0000000000000000        0x0 build/sam_c21n_xpro/production/_ext/1333288856/plib_tc0.o
 .bss           0x0000000000000000        0x0 build/sam_c21n_xpro/production/_ext/1333288856/plib_tc0.o
 .text.TC0_TimerStop
                0x0000000000000000       0x1c build/sam_c21n_xpro/production/_ext/1333288856/plib_tc0.o
 .text.TC0_TimerFrequencyGet
                0x0000000000000000        0x8 build/sam_c21n_xpro/production/_ext/1333288856/plib_tc0.o
 .text.TC0_TimerCommandSet
                0x0000000000000000       0x18 build/sam_c21n_xpro/production/_ext/1333288856/plib_tc0.o
 .text.TC0_Timer32bitCounterGet
                0x0000000000000000       0x28 build/sam_c21n_xpro/production/_ext/1333288856/plib_tc0.o
 .text.TC0_Timer32bitCounterSet
                0x0000000000000000       0x14 build/sam_c21n_xpro/production/_ext/1333288856/plib_tc0.o
 .text.TC0_Timer32bitPeriodSet
                0x0000000000000000       0x14 build/sam_c21n_xpro/production/_ext/1333288856/plib_tc0.o
 .text.TC0_Timer32bitPeriodGet
                0x0000000000000000        0xc build/sam_c21n_xpro/production/_ext/1333288856/plib_tc0.o
 .text.TC0_TimerPeriodHasExpired
                0x0000000000000000       0x10 build/sam_c21n_xpro/production/_ext/1333288856/plib_tc0.o
 .text          0x0000000000000000        0x0 build/sam_c21n_xpro/production/_ext/730014449/xc32_monitor.o
 .data          0x0000000000000000        0x0 build/sam_c21n_xpro/production/_ext/730014449/xc32_monitor.o
 .bss           0x0000000000000000        0x0 build/sam_c21n_xpro/production/_ext/730014449/xc32_monitor.o
 .text.read     0x0000000000000000        0x6 build/sam_c21n_xpro/production/_ext/730014449/xc32_monitor.o
 .text.write    0x0000000000000000        0x6 build/sam_c21n_xpro/production/_ext/730014449/xc32_monitor.o
 .debug_info    0x0000000000000000       0xf5 build/sam_c21n_xpro/production/_ext/730014449/xc32_monitor.o
 .debug_abbrev  0x0000000000000000       0xb2 build/sam_c21n_xpro/production/_ext/730014449/xc32_monitor.o
 .debug_loc     0x0000000000000000       0x4a build/sam_c21n_xpro/production/_ext/730014449/xc32_monitor.o
 .debug_aranges
                0x0000000000000000       0x28 build/sam_c21n_xpro/production/_ext/730014449/xc32_monitor.o
 .debug_ranges  0x0000000000000000       0x18 build/sam_c21n_xpro/production/_ext/730014449/xc32_monitor.o
 .debug_line    0x0000000000000000       0xd4 build/sam_c21n_xpro/production/_ext/730014449/xc32_monitor.o
 .debug_str     0x0000000000000000      0x24e build/sam_c21n_xpro/production/_ext/730014449/xc32_monitor.o
 .comment       0x0000000000000000       0x2c build/sam_c21n_xpro/production/_ext/730014449/xc32_monitor.o
 .debug_frame   0x0000000000000000       0x30 build/sam_c21n_xpro/production/_ext/730014449/xc32_monitor.o
 .ARM.attributes
                0x0000000000000000       0x2c build/sam_c21n_xpro/production/_ext/730014449/xc32_monitor.o
 .text          0x0000000000000000        0x0 build/sam_c21n_xpro/production/_ext/1758384875/initialization.o
 .data          0x0000000000000000        0x0 build/sam_c21n_xpro/production/_ext/1758384875/initialization.o
 .bss           0x0000000000000000        0x0 build/sam_c21n_xpro/production/_ext/1758384875/initialization.o
 .text          0x0000000000000000        0x0 build/sam_c21n_xpro/production/_ext/1758384875/interrupts.o
 .data          0x0000000000000000        0x0 build/sam_c21n_xpro/production/_ext/1758384875/interrupts.o
 .bss           0x0000000000000000        0x0 build/sam_c21n_xpro/production/_ext/1758384875/interrupts.o
 .text          0x0000000000000000        0x0 build/sam_c21n_xpro/production/_ext/1758384875/exceptions.o
 .data          0x0000000000000000        0x0 build/sam_c21n_xpro/production/_ext/1758384875/exceptions.o
 .bss           0x0000000000000000        0x0 build/sam_c21n_xpro/production/_ext/1758384875/exceptions.o
 .text          0x0000000000000000        0x0 build/sam_c21n_xpro/production/_ext/1758384875/startup_xc32.o
 .data          0x0000000000000000        0x0 build/sam_c21n_xpro/production/_ext/1758384875/startup_xc32.o
 .bss           0x0000000000000000        0x0 build/sam_c21n_xpro/production/_ext/1758384875/startup_xc32.o
 .text          0x0000000000000000        0x0 build/sam_c21n_xpro/production/_ext/1758384875/libc_syscalls.o
 .data          0x0000000000000000        0x0 build/sam_c21n_xpro/production/_ext/1758384875/libc_syscalls.o
 .bss           0x0000000000000000        0x0 build/sam_c21n_xpro/production/_ext/1758384875/libc_syscalls.o
 .text._exit    0x0000000000000000        0x2 build/sam_c21n_xpro/production/_ext/1758384875/libc_syscalls.o
 .debug_info    0x0000000000000000       0xaa build/sam_c21n_xpro/production/_ext/1758384875/libc_syscalls.o
 .debug_abbrev  0x0000000000000000       0x5d build/sam_c21n_xpro/production/_ext/1758384875/libc_syscalls.o
 .debug_loc     0x0000000000000000       0x15 build/sam_c21n_xpro/production/_ext/1758384875/libc_syscalls.o
 .debug_aranges
                0x0000000000000000       0x20 build/sam_c21n_xpro/production/_ext/1758384875/libc_syscalls.o
 .debug_ranges  0x0000000000000000       0x10 build/sam_c21n_xpro/production/_ext/1758384875/libc_syscalls.o
 .debug_line    0x0000000000000000       0x61 build/sam_c21n_xpro/production/_ext/1758384875/libc_syscalls.o
 .debug_str     0x0000000000000000      0x292 build/sam_c21n_xpro/production/_ext/1758384875/libc_syscalls.o
 .comment       0x0000000000000000       0x2c build/sam_c21n_xpro/production/_ext/1758384875/libc_syscalls.o
 .debug_frame   0x0000000000000000       0x20 build/sam_c21n_xpro/production/_ext/1758384875/libc_syscalls.o
 .ARM.attributes
                0x0000000000000000       0x2c build/sam_c21n_xpro/production/_ext/1758384875/libc_syscalls.o
 .text          0x0000000000000000        0x0 build/sam_c21n_xpro/production/_ext/1360937237/main.o
 .data          0x0000000000000000        0x0 build/sam_c21n_xpro/production/_ext/1360937237/main.o
 .bss           0x0000000000000000        0x0 build/sam_c21n_xpro/production/_ext/1360937237/main.o
 .text          0x0000000000000000        0x0 c:/program files/microchip/xc32/v4.45/bin/bin/../../lib/gcc/pic32c/8.3.1/../../../../pic32c/lib/thumb/v6-m/nofp\libpic32c.a(data_init.o)
 .data          0x0000000000000000        0x0 c:/program files/microchip/xc32/v4.45/bin/bin/../../lib/gcc/pic32c/8.3.1/../../../../pic32c/lib/thumb/v6-m/nofp\libpic32c.a(data_init.o)
 .xc_stack_usage
                0x0000000000000000       0x4a c:/program files/microchip/xc32/v4.45/bin/bin/../../lib/gcc/pic32c/8.3.1/../../../../pic32c/lib/thumb/v6-m/nofp\libpic32c.a(data_init.o)
 .xc_stack_usage.hdr
                0x0000000000000000        0xe c:/program files/microchip/xc32/v4.45/bin/bin/../../lib/gcc/pic32c/8.3.1/../../../../pic32c/lib/thumb/v6-m/nofp\libpic32c.a(data_init.o)
 .text          0x0000000000000000        0x0 c:/program files/microchip/xc32/v4.45/bin/bin/../../lib/gcc/pic32c/8.3.1/../../../../pic32c/lib/thumb/v6-m/nofp\libc-size-musl.a(memcpy.o)
 .data          0x0000000000000000        0x0 c:/program files/microchip/xc32/v4.45/bin/bin/../../lib/gcc/pic32c/8.3.1/../../../../pic32c/lib/thumb/v6-m/nofp\libc-size-musl.a(memcpy.o)
 .bss           0x0000000000000000        0x0 c:/program files/microchip/xc32/v4.45/bin/bin/../../lib/gcc/pic32c/8.3.1/../../../../pic32c/lib/thumb/v6-m/nofp\libc-size-musl.a(memcpy.o)
 .xc_stack_usage
                0x0000000000000000       0x14 c:/program files/microchip/xc32/v4.45/bin/bin/../../lib/gcc/pic32c/8.3.1/../../../../pic32c/lib/thumb/v6-m/nofp\libc-size-musl.a(memcpy.o)
 .xc_stack_usage.hdr
                0x0000000000000000        0xe c:/program files/microchip/xc32/v4.45/bin/bin/../../lib/gcc/pic32c/8.3.1/../../../../pic32c/lib/thumb/v6-m/nofp\libc-size-musl.a(memcpy.o)
 .text          0x0000000000000000        0x0 c:/program files/microchip/xc32/v4.45/bin/bin/../../lib/gcc/pic32c/8.3.1/../../../../pic32c/lib/thumb/v6-m/nofp\libc-musl.a(__libc_start_main.o)
 .data          0x0000000000000000        0x0 c:/program files/microchip/xc32/v4.45/bin/bin/../../lib/gcc/pic32c/8.3.1/../../../../pic32c/lib/thumb/v6-m/nofp\libc-musl.a(__libc_start_main.o)
 .bss           0x0000000000000000        0x0 c:/program files/microchip/xc32/v4.45/bin/bin/../../lib/gcc/pic32c/8.3.1/../../../../pic32c/lib/thumb/v6-m/nofp\libc-musl.a(__libc_start_main.o)
 .xc_stack_usage
                0x0000000000000000       0x34 c:/program files/microchip/xc32/v4.45/bin/bin/../../lib/gcc/pic32c/8.3.1/../../../../pic32c/lib/thumb/v6-m/nofp\libc-musl.a(__libc_start_main.o)
 .xc_stack_usage.hdr
                0x0000000000000000        0xe c:/program files/microchip/xc32/v4.45/bin/bin/../../lib/gcc/pic32c/8.3.1/../../../../pic32c/lib/thumb/v6-m/nofp\libc-musl.a(__libc_start_main.o)
 .text          0x0000000000000000        0x0 c:/program files/microchip/xc32/v4.45/bin/bin/../../lib/gcc/pic32c/8.3.1/../../../../pic32c/lib/thumb/v6-m/nofp\libc-musl.a(libc.o)
 .data          0x0000000000000000        0x0 c:/program files/microchip/xc32/v4.45/bin/bin/../../lib/gcc/pic32c/8.3.1/../../../../pic32c/lib/thumb/v6-m/nofp\libc-musl.a(libc.o)
 .xc_stack_usage.hdr
                0x0000000000000000        0xe c:/program files/microchip/xc32/v4.45/bin/bin/../../lib/gcc/pic32c/8.3.1/../../../../pic32c/lib/thumb/v6-m/nofp\libc-musl.a(libc.o)
 .text          0x0000000000000000        0x0 c:/program files/microchip/xc32/v4.45/bin/bin/../../lib/gcc/pic32c/8.3.1/../../../../pic32c/lib/thumb/v6-m/nofp\libc-musl.a(__environ.o)
 .data          0x0000000000000000        0x0 c:/program files/microchip/xc32/v4.45/bin/bin/../../lib/gcc/pic32c/8.3.1/../../../../pic32c/lib/thumb/v6-m/nofp\libc-musl.a(__environ.o)
 .xc_stack_usage.hdr
                0x0000000000000000        0xe c:/program files/microchip/xc32/v4.45/bin/bin/../../lib/gcc/pic32c/8.3.1/../../../../pic32c/lib/thumb/v6-m/nofp\libc-musl.a(__environ.o)
 .text          0x0000000000000000        0x0 c:/program files/microchip/xc32/v4.45/bin/bin/../../lib/gcc/pic32c/8.3.1/thumb/v6-m/nofp/crtend.o
 .data          0x0000000000000000        0x0 c:/program files/microchip/xc32/v4.45/bin/bin/../../lib/gcc/pic32c/8.3.1/thumb/v6-m/nofp/crtend.o
 .bss           0x0000000000000000        0x0 c:/program files/microchip/xc32/v4.45/bin/bin/../../lib/gcc/pic32c/8.3.1/thumb/v6-m/nofp/crtend.o
 .eh_frame      0x0000000000000000        0x4 c:/program files/microchip/xc32/v4.45/bin/bin/../../lib/gcc/pic32c/8.3.1/thumb/v6-m/nofp/crtend.o
 .xc_stack_usage.hdr
                0x0000000000000000        0xe c:/program files/microchip/xc32/v4.45/bin/bin/../../lib/gcc/pic32c/8.3.1/thumb/v6-m/nofp/crtend.o
 .comment       0x0000000000000000       0x2c c:/program files/microchip/xc32/v4.45/bin/bin/../../lib/gcc/pic32c/8.3.1/thumb/v6-m/nofp/crtend.o
 .ARM.attributes
                0x0000000000000000       0x2c c:/program files/microchip/xc32/v4.45/bin/bin/../../lib/gcc/pic32c/8.3.1/thumb/v6-m/nofp/crtend.o
 .text          0x0000000000000000        0x0 c:/program files/microchip/xc32/v4.45/bin/bin/../../lib/gcc/pic32c/8.3.1/thumb/v6-m/nofp/crtn.o
 .data          0x0000000000000000        0x0 c:/program files/microchip/xc32/v4.45/bin/bin/../../lib/gcc/pic32c/8.3.1/thumb/v6-m/nofp/crtn.o
 .bss           0x0000000000000000        0x0 c:/program files/microchip/xc32/v4.45/bin/bin/../../lib/gcc/pic32c/8.3.1/thumb/v6-m/nofp/crtn.o
 .xc_stack_usage.hdr
                0x0000000000000000        0xe c:/program files/microchip/xc32/v4.45/bin/bin/../../lib/gcc/pic32c/8.3.1/thumb/v6-m/nofp/crtn.o
 .text          0x0000000000000000        0x0 c:/program files/microchip/xc32/v4.45/bin/bin/../../lib/gcc/pic32c/8.3.1/../../../../pic32c/lib/thumb/v6-m/nofp\libpic32c.a(pic32_data_init_clear.o)
 .data          0x0000000000000000        0x0 c:/program files/microchip/xc32/v4.45/bin/bin/../../lib/gcc/pic32c/8.3.1/../../../../pic32c/lib/thumb/v6-m/nofp\libpic32c.a(pic32_data_init_clear.o)
 .bss           0x0000000000000000        0x0 c:/program files/microchip/xc32/v4.45/bin/bin/../../lib/gcc/pic32c/8.3.1/../../../../pic32c/lib/thumb/v6-m/nofp\libpic32c.a(pic32_data_init_clear.o)
 .xc_stack_usage
                0x0000000000000000       0x1b c:/program files/microchip/xc32/v4.45/bin/bin/../../lib/gcc/pic32c/8.3.1/../../../../pic32c/lib/thumb/v6-m/nofp\libpic32c.a(pic32_data_init_clear.o)
 .xc_stack_usage.hdr
                0x0000000000000000        0xe c:/program files/microchip/xc32/v4.45/bin/bin/../../lib/gcc/pic32c/8.3.1/../../../../pic32c/lib/thumb/v6-m/nofp\libpic32c.a(pic32_data_init_clear.o)
 .text          0x0000000000000000        0x0 c:/program files/microchip/xc32/v4.45/bin/bin/../../lib/gcc/pic32c/8.3.1/../../../../pic32c/lib/thumb/v6-m/nofp\libpic32c.a(pic32_data_init_copy.o)
 .data          0x0000000000000000        0x0 c:/program files/microchip/xc32/v4.45/bin/bin/../../lib/gcc/pic32c/8.3.1/../../../../pic32c/lib/thumb/v6-m/nofp\libpic32c.a(pic32_data_init_copy.o)
 .bss           0x0000000000000000        0x0 c:/program files/microchip/xc32/v4.45/bin/bin/../../lib/gcc/pic32c/8.3.1/../../../../pic32c/lib/thumb/v6-m/nofp\libpic32c.a(pic32_data_init_copy.o)
 .xc_stack_usage
                0x0000000000000000       0x1a c:/program files/microchip/xc32/v4.45/bin/bin/../../lib/gcc/pic32c/8.3.1/../../../../pic32c/lib/thumb/v6-m/nofp\libpic32c.a(pic32_data_init_copy.o)
 .xc_stack_usage.hdr
                0x0000000000000000        0xe c:/program files/microchip/xc32/v4.45/bin/bin/../../lib/gcc/pic32c/8.3.1/../../../../pic32c/lib/thumb/v6-m/nofp\libpic32c.a(pic32_data_init_copy.o)

Memory Configuration

Name             Origin             Length             Attributes
rom              0x0000000000000000 0x0000000000040000 xrl
ram              0x0000000020000000 0x0000000000008000 xw !r
config_00804000  0x0000000000804000 0x0000000000000004
config_00804004  0x0000000000804004 0x0000000000000004
*default*        0x0000000000000000 0xffffffffffffffff

Linker script and memory map

LOAD c:/program files/microchip/xc32/v4.45/bin/bin/../../lib/gcc/pic32c/8.3.1/thumb/v6-m/nofp/crti.o
LOAD c:/program files/microchip/xc32/v4.45/bin/bin/../../lib/gcc/pic32c/8.3.1/thumb/v6-m/nofp/crtbegin.o
LOAD build/sam_c21n_xpro/production/_ext/166077579/plib_clock.o
LOAD build/sam_c21n_xpro/production/_ext/1617703085/plib_dac.o
LOAD build/sam_c21n_xpro/production/_ext/1390800348/plib_dmac.o
LOAD build/sam_c21n_xpro/production/_ext/163928093/plib_evsys.o
LOAD build/sam_c21n_xpro/production/_ext/1390493541/plib_nvic.o
LOAD build/sam_c21n_xpro/production/_ext/770299191/plib_nvmctrl.o
LOAD build/sam_c21n_xpro/production/_ext/1390440390/plib_port.o
LOAD build/sam_c21n_xpro/production/_ext/1333288856/plib_tc0.o
LOAD build/sam_c21n_xpro/production/_ext/730014449/xc32_monitor.o
LOAD build/sam_c21n_xpro/production/_ext/1758384875/initialization.o
LOAD build/sam_c21n_xpro/production/_ext/1758384875/interrupts.o
LOAD build/sam_c21n_xpro/production/_ext/1758384875/exceptions.o
LOAD build/sam_c21n_xpro/production/_ext/1758384875/startup_xc32.o
LOAD build/sam_c21n_xpro/production/_ext/1758384875/libc_syscalls.o
LOAD build/sam_c21n_xpro/production/_ext/1360937237/main.o
                0x0000000000000001                __MPLAB_BUILD = 0x1
                0x0000000000040000                __rom_end = (ORIGIN (rom) + LENGTH (rom))
                0x0000000020008000                __ram_end = (ORIGIN (ram) + LENGTH (ram))

.config_00804000
 *(.config_00804000)

.config_00804004
 *(.config_00804004)

.vectors        0x0000000000000000       0xbc
                0x0000000000000000                . = ALIGN (0x4)
                0x0000000000000000                _sfixed = .
 *(.vectors .vectors.* .vectors_default .vectors_default.*)
 .vectors.exception_table
                0x0000000000000000       0xbc build/sam_c21n_xpro/production/_ext/1758384875/interrupts.o
                0x0000000000000000                exception_table
 *(.isr_vector)
 *(.reset*)
 *(.after_vectors)

.text           0x00000000000000bc       0x20
                0x00000000000000bc                . = ALIGN (0x4)
 *(.glue_7t)
 .glue_7t       0x00000000000000bc        0x0 linker stubs
 *(.glue_7)
 .glue_7        0x00000000000000bc        0x0 linker stubs
 *(.gnu.linkonce.r.*)
 *(.ARM.extab* .gnu.linkonce.armextab.*)
                0x00000000000000bc                . = ALIGN (0x4)
 *(.init)
 .init          0x00000000000000bc        0x4 c:/program files/microchip/xc32/v4.45/bin/bin/../../lib/gcc/pic32c/8.3.1/thumb/v6-m/nofp/crti.o
                0x00000000000000bc                _init
 .init          0x00000000000000c0        0x8 c:/program files/microchip/xc32/v4.45/bin/bin/../../lib/gcc/pic32c/8.3.1/thumb/v6-m/nofp/crtn.o
                0x00000000000000c8                . = ALIGN (0x4)
                0x00000000000000c8                __preinit_array_start = .
 *(.preinit_array)
                0x00000000000000c8                __preinit_array_end = .
                0x00000000000000c8                . = ALIGN (0x4)
                0x00000000000000c8                __init_array_start = .
 *(SORT_BY_NAME(.init_array.*))
 *(.init_array)
 .init_array    0x00000000000000c8        0x4 c:/program files/microchip/xc32/v4.45/bin/bin/../../lib/gcc/pic32c/8.3.1/thumb/v6-m/nofp/crtbegin.o
                0x00000000000000cc                __init_array_end = .
                0x00000000000000cc                . = ALIGN (0x4)
 *crtbegin.o(.ctors)
 *(EXCLUDE_FILE(*crtend.o) .ctors)
 *(SORT_BY_NAME(.ctors.*))
 *crtend.o(.ctors)
                0x00000000000000cc                . = ALIGN (0x4)
 *(.fini)
 .fini          0x00000000000000cc        0x4 c:/program files/microchip/xc32/v4.45/bin/bin/../../lib/gcc/pic32c/8.3.1/thumb/v6-m/nofp/crti.o
                0x00000000000000cc                _fini
 .fini          0x00000000000000d0        0x8 c:/program files/microchip/xc32/v4.45/bin/bin/../../lib/gcc/pic32c/8.3.1/thumb/v6-m/nofp/crtn.o
                0x00000000000000d8                . = ALIGN (0x4)
                0x00000000000000d8                __fini_array_start = .
 *(.fini_array)
 .fini_array    0x00000000000000d8        0x4 c:/program files/microchip/xc32/v4.45/bin/bin/../../lib/gcc/pic32c/8.3.1/thumb/v6-m/nofp/crtbegin.o
 *(SORT_BY_NAME(.fini_array.*))
                0x00000000000000dc                __fini_array_end = .
 *crtbegin.o(.dtors)
 *(EXCLUDE_FILE(*crtend.o) .dtors)
 *(SORT_BY_NAME(.dtors.*))
 *crtend.o(.dtors)
                0x00000000000000dc                . = ALIGN (0x4)
                0x00000000000000dc                _efixed = .
                [!provide]                        PROVIDE (__exidx_start = .)

.ARM.exidx
 *(.ARM.exidx* .gnu.linkonce.armexidx.*)
                [!provide]                        PROVIDE (__exidx_end = .)
                0x00000000000000dc                . = ALIGN (0x4)
                0x00000000000000dc                _etext = .

.bss            0x0000000020000000        0x0
                0x0000000020000000                . = ALIGN (0x4)
                0x0000000020000000                __bss_start__ = .
                0x0000000020000000                _sbss = .
                0x0000000020000000                _szero = .
 *(COMMON)
                0x0000000020000000                . = ALIGN (0x4)
                0x0000000020000000                __bss_end__ = .
                0x0000000020000000                _ebss = .
                0x0000000020000000                _ezero = .
                0x0000000020000000                . = ALIGN (0x4)
                0x0000000020000000                _end = .
                0x0000000020007fff                _ram_end_ = ((ORIGIN (ram) + LENGTH (ram)) - 0x1)
                0x0000000000000200                _min_heap_size = 0x200
START GROUP
LOAD c:/program files/microchip/xc32/v4.45/bin/bin/../../lib/gcc/pic32c/8.3.1/../../../../pic32c/lib/thumb/v6-m/nofp\libpic32c.a
LOAD c:/program files/microchip/xc32/v4.45/bin/bin/../../lib/gcc/pic32c/8.3.1/../../../../pic32c/lib/thumb/v6-m/nofp\libc-size-musl.a
LOAD c:/program files/microchip/xc32/v4.45/bin/bin/../../lib/gcc/pic32c/8.3.1/../../../../pic32c/lib/thumb/v6-m/nofp\liblmalloc-musl.a
LOAD c:/program files/microchip/xc32/v4.45/bin/bin/../../lib/gcc/pic32c/8.3.1/../../../../pic32c/lib/thumb/v6-m/nofp\libm-fast-emfloat.a
LOAD c:/program files/microchip/xc32/v4.45/bin/bin/../../lib/gcc/pic32c/8.3.1/../../../../pic32c/lib/thumb/v6-m/nofp\libm-musl.a
LOAD c:/program files/microchip/xc32/v4.45/bin/bin/../../lib/gcc/pic32c/8.3.1/../../../../pic32c/lib/thumb/v6-m/nofp\libc-musl.a
LOAD c:/program files/microchip/xc32/v4.45/bin/bin/../../lib/gcc/pic32c/8.3.1/../../../../pic32c/lib/thumb/v6-m/nofp\libm-fast-emfloat.a
LOAD c:/program files/microchip/xc32/v4.45/bin/bin/../../lib/gcc/pic32c/8.3.1/../../../../pic32c/lib/thumb/v6-m/nofp\libm-musl.a
LOAD c:/program files/microchip/xc32/v4.45/bin/bin/../../lib/gcc/pic32c/8.3.1/thumb/v6-m/nofp\libgcc.a
END GROUP
LOAD c:/program files/microchip/xc32/v4.45/bin/bin/../../lib/gcc/pic32c/8.3.1/thumb/v6-m/nofp/crtend.o
LOAD c:/program files/microchip/xc32/v4.45/bin/bin/../../lib/gcc/pic32c/8.3.1/thumb/v6-m/nofp/crtn.o
OUTPUT(dist/sam_c21n_xpro/production/sam_c21n_xpro.X.production.elf elf32-littlearm)
LOAD data_init
LOAD stack

.ARM.attributes
                0x0000000000000000       0x2c
 .ARM.attributes
                0x0000000000000000       0x1e c:/program files/microchip/xc32/v4.45/bin/bin/../../lib/gcc/pic32c/8.3.1/thumb/v6-m/nofp/crti.o
 .ARM.attributes
                0x000000000000001e       0x2c c:/program files/microchip/xc32/v4.45/bin/bin/../../lib/gcc/pic32c/8.3.1/thumb/v6-m/nofp/crtbegin.o
 .ARM.attributes
                0x000000000000004a       0x2c build/sam_c21n_xpro/production/_ext/166077579/plib_clock.o
 .ARM.attributes
                0x0000000000000076       0x2c build/sam_c21n_xpro/production/_ext/1617703085/plib_dac.o
 .ARM.attributes
                0x00000000000000a2       0x2c build/sam_c21n_xpro/production/_ext/1390800348/plib_dmac.o
 .ARM.attributes
                0x00000000000000ce       0x2c build/sam_c21n_xpro/production/_ext/163928093/plib_evsys.o
 .ARM.attributes
                0x00000000000000fa       0x2c build/sam_c21n_xpro/production/_ext/1390493541/plib_nvic.o
 .ARM.attributes
                0x0000000000000126       0x2c build/sam_c21n_xpro/production/_ext/770299191/plib_nvmctrl.o
 .ARM.attributes
                0x0000000000000152       0x2c build/sam_c21n_xpro/production/_ext/1333288856/plib_tc0.o
 .ARM.attributes
                0x000000000000017e       0x2c build/sam_c21n_xpro/production/_ext/1758384875/initialization.o
 .ARM.attributes
                0x00000000000001aa       0x2c build/sam_c21n_xpro/production/_ext/1758384875/interrupts.o
 .ARM.attributes
                0x00000000000001d6       0x2c build/sam_c21n_xpro/production/_ext/1758384875/exceptions.o
 .ARM.attributes
                0x0000000000000202       0x2c build/sam_c21n_xpro/production/_ext/1758384875/startup_xc32.o
 .ARM.attributes
                0x000000000000022e       0x2c build/sam_c21n_xpro/production/_ext/1360937237/main.o
 .ARM.attributes
                0x000000000000025a       0x2c c:/program files/microchip/xc32/v4.45/bin/bin/../../lib/gcc/pic32c/8.3.1/../../../../pic32c/lib/thumb/v6-m/nofp\libpic32c.a(data_init.o)
 .ARM.attributes
                0x0000000000000286       0x2e c:/program files/microchip/xc32/v4.45/bin/bin/../../lib/gcc/pic32c/8.3.1/../../../../pic32c/lib/thumb/v6-m/nofp\libc-size-musl.a(memcpy.o)
 .ARM.attributes
                0x00000000000002b4       0x2e c:/program files/microchip/xc32/v4.45/bin/bin/../../lib/gcc/pic32c/8.3.1/../../../../pic32c/lib/thumb/v6-m/nofp\libc-musl.a(__libc_start_main.o)
 .ARM.attributes
                0x00000000000002e2       0x2e c:/program files/microchip/xc32/v4.45/bin/bin/../../lib/gcc/pic32c/8.3.1/../../../../pic32c/lib/thumb/v6-m/nofp\libc-musl.a(libc.o)
 .ARM.attributes
                0x0000000000000310       0x2e c:/program files/microchip/xc32/v4.45/bin/bin/../../lib/gcc/pic32c/8.3.1/../../../../pic32c/lib/thumb/v6-m/nofp\libc-musl.a(__environ.o)
 .ARM.attributes
                0x000000000000033e       0x1e c:/program files/microchip/xc32/v4.45/bin/bin/../../lib/gcc/pic32c/8.3.1/thumb/v6-m/nofp/crtn.o
 .ARM.attributes
                0x000000000000035c       0x2c c:/program files/microchip/xc32/v4.45/bin/bin/../../lib/gcc/pic32c/8.3.1/../../../../pic32c/lib/thumb/v6-m/nofp\libpic32c.a(pic32_data_init_clear.o)
 .ARM.attributes
                0x0000000000000388       0x2c c:/program files/microchip/xc32/v4.45/bin/bin/../../lib/gcc/pic32c/8.3.1/../../../../pic32c/lib/thumb/v6-m/nofp\libpic32c.a(pic32_data_init_copy.o)

.comment        0x0000000000000000       0x2b
 .comment       0x0000000000000000       0x2b c:/program files/microchip/xc32/v4.45/bin/bin/../../lib/gcc/pic32c/8.3.1/thumb/v6-m/nofp/crtbegin.o
                                         0x2c (size before relaxing)
 .comment       0x000000000000002b       0x2c build/sam_c21n_xpro/production/_ext/166077579/plib_clock.o
 .comment       0x000000000000002b       0x2c build/sam_c21n_xpro/production/_ext/1617703085/plib_dac.o
 .comment       0x000000000000002b       0x2c build/sam_c21n_xpro/production/_ext/1390800348/plib_dmac.o
 .comment       0x000000000000002b       0x2c build/sam_c21n_xpro/production/_ext/163928093/plib_evsys.o
 .comment       0x000000000000002b       0x2c build/sam_c21n_xpro/production/_ext/1390493541/plib_nvic.o
 .comment       0x000000000000002b       0x2c build/sam_c21n_xpro/production/_ext/770299191/plib_nvmctrl.o
 .comment       0x000000000000002b       0x2c build/sam_c21n_xpro/production/_ext/1333288856/plib_tc0.o
 .comment       0x000000000000002b       0x2c build/sam_c21n_xpro/production/_ext/1758384875/initialization.o
 .comment       0x000000000000002b       0x2c build/sam_c21n_xpro/production/_ext/1758384875/interrupts.o
 .comment       0x000000000000002b       0x2c build/sam_c21n_xpro/production/_ext/1758384875/exceptions.o
 .comment       0x000000000000002b       0x2c build/sam_c21n_xpro/production/_ext/1758384875/startup_xc32.o
 .comment       0x000000000000002b       0x2c build/sam_c21n_xpro/production/_ext/1360937237/main.o
 .comment       0x000000000000002b       0x2c c:/program files/microchip/xc32/v4.45/bin/bin/../../lib/gcc/pic32c/8.3.1/../../../../pic32c/lib/thumb/v6-m/nofp\libpic32c.a(data_init.o)
 .comment       0x000000000000002b       0x2c c:/program files/microchip/xc32/v4.45/bin/bin/../../lib/gcc/pic32c/8.3.1/../../../../pic32c/lib/thumb/v6-m/nofp\libc-size-musl.a(memcpy.o)
 .comment       0x000000000000002b       0x2c c:/program files/microchip/xc32/v4.45/bin/bin/../../lib/gcc/pic32c/8.3.1/../../../../pic32c/lib/thumb/v6-m/nofp\libc-musl.a(__libc_start_main.o)
 .comment       0x000000000000002b       0x2c c:/program files/microchip/xc32/v4.45/bin/bin/../../lib/gcc/pic32c/8.3.1/../../../../pic32c/lib/thumb/v6-m/nofp\libc-musl.a(libc.o)
 .comment       0x000000000000002b       0x2c c:/program files/microchip/xc32/v4.45/bin/bin/../../lib/gcc/pic32c/8.3.1/../../../../pic32c/lib/thumb/v6-m/nofp\libc-musl.a(__environ.o)
 .comment       0x000000000000002b       0x2c c:/program files/microchip/xc32/v4.45/bin/bin/../../lib/gcc/pic32c/8.3.1/../../../../pic32c/lib/thumb/v6-m/nofp\libpic32c.a(pic32_data_init_clear.o)
 .comment       0x000000000000002b       0x2c c:/program files/microchip/xc32/v4.45/bin/bin/../../lib/gcc/pic32c/8.3.1/../../../../pic32c/lib/thumb/v6-m/nofp\libpic32c.a(pic32_data_init_copy.o)

.debug_info     0x0000000000000000     0x4594
 .debug_info    0x0000000000000000      0x5dc build/sam_c21n_xpro/production/_ext/166077579/plib_clock.o
 .debug_info    0x00000000000005dc      0x24b build/sam_c21n_xpro/production/_ext/1617703085/plib_dac.o
 .debug_info    0x0000000000000827      0xd6f build/sam_c21n_xpro/production/_ext/1390800348/plib_dmac.o
 .debug_info    0x0000000000001596      0x4b4 build/sam_c21n_xpro/production/_ext/163928093/plib_evsys.o
 .debug_info    0x0000000000001a4a      0x817 build/sam_c21n_xpro/production/_ext/1390493541/plib_nvic.o
 .debug_info    0x0000000000002261      0x732 build/sam_c21n_xpro/production/_ext/770299191/plib_nvmctrl.o
 .debug_info    0x0000000000002993      0x739 build/sam_c21n_xpro/production/_ext/1333288856/plib_tc0.o
 .debug_info    0x00000000000030cc      0x317 build/sam_c21n_xpro/production/_ext/1758384875/initialization.o
 .debug_info    0x00000000000033e3      0x3db build/sam_c21n_xpro/production/_ext/1758384875/interrupts.o
 .debug_info    0x00000000000037be       0xb3 build/sam_c21n_xpro/production/_ext/1758384875/exceptions.o
 .debug_info    0x0000000000003871      0x205 build/sam_c21n_xpro/production/_ext/1758384875/startup_xc32.o
 .debug_info    0x0000000000003a76      0x356 build/sam_c21n_xpro/production/_ext/1360937237/main.o
 .debug_info    0x0000000000003dcc       0x54 c:/program files/microchip/xc32/v4.45/bin/bin/../../lib/gcc/pic32c/8.3.1/../../../../pic32c/lib/thumb/v6-m/nofp\libpic32c.a(data_init.o)
 .debug_info    0x0000000000003e20       0xed c:/program files/microchip/xc32/v4.45/bin/bin/../../lib/gcc/pic32c/8.3.1/../../../../pic32c/lib/thumb/v6-m/nofp\libc-size-musl.a(memcpy.o)
 .debug_info    0x0000000000003f0d      0x2fb c:/program files/microchip/xc32/v4.45/bin/bin/../../lib/gcc/pic32c/8.3.1/../../../../pic32c/lib/thumb/v6-m/nofp\libc-musl.a(__libc_start_main.o)
 .debug_info    0x0000000000004208      0x276 c:/program files/microchip/xc32/v4.45/bin/bin/../../lib/gcc/pic32c/8.3.1/../../../../pic32c/lib/thumb/v6-m/nofp\libc-musl.a(libc.o)
 .debug_info    0x000000000000447e       0x97 c:/program files/microchip/xc32/v4.45/bin/bin/../../lib/gcc/pic32c/8.3.1/../../../../pic32c/lib/thumb/v6-m/nofp\libc-musl.a(__environ.o)
 .debug_info    0x0000000000004515       0x3f c:/program files/microchip/xc32/v4.45/bin/bin/../../lib/gcc/pic32c/8.3.1/../../../../pic32c/lib/thumb/v6-m/nofp\libpic32c.a(pic32_data_init_clear.o)
 .debug_info    0x0000000000004554       0x40 c:/program files/microchip/xc32/v4.45/bin/bin/../../lib/gcc/pic32c/8.3.1/../../../../pic32c/lib/thumb/v6-m/nofp\libpic32c.a(pic32_data_init_copy.o)

.debug_abbrev   0x0000000000000000     0x149b
 .debug_abbrev  0x0000000000000000      0x149 build/sam_c21n_xpro/production/_ext/166077579/plib_clock.o
 .debug_abbrev  0x0000000000000149       0xf0 build/sam_c21n_xpro/production/_ext/1617703085/plib_dac.o
 .debug_abbrev  0x0000000000000239      0x302 build/sam_c21n_xpro/production/_ext/1390800348/plib_dmac.o
 .debug_abbrev  0x000000000000053b      0x184 build/sam_c21n_xpro/production/_ext/163928093/plib_evsys.o
 .debug_abbrev  0x00000000000006bf      0x255 build/sam_c21n_xpro/production/_ext/1390493541/plib_nvic.o
 .debug_abbrev  0x0000000000000914      0x1c0 build/sam_c21n_xpro/production/_ext/770299191/plib_nvmctrl.o
 .debug_abbrev  0x0000000000000ad4      0x16d build/sam_c21n_xpro/production/_ext/1333288856/plib_tc0.o
 .debug_abbrev  0x0000000000000c41       0xf1 build/sam_c21n_xpro/production/_ext/1758384875/initialization.o
 .debug_abbrev  0x0000000000000d32       0xc0 build/sam_c21n_xpro/production/_ext/1758384875/interrupts.o
 .debug_abbrev  0x0000000000000df2       0x49 build/sam_c21n_xpro/production/_ext/1758384875/exceptions.o
 .debug_abbrev  0x0000000000000e3b      0x118 build/sam_c21n_xpro/production/_ext/1758384875/startup_xc32.o
 .debug_abbrev  0x0000000000000f53      0x184 build/sam_c21n_xpro/production/_ext/1360937237/main.o
 .debug_abbrev  0x00000000000010d7       0x44 c:/program files/microchip/xc32/v4.45/bin/bin/../../lib/gcc/pic32c/8.3.1/../../../../pic32c/lib/thumb/v6-m/nofp\libpic32c.a(data_init.o)
 .debug_abbrev  0x000000000000111b       0xbb c:/program files/microchip/xc32/v4.45/bin/bin/../../lib/gcc/pic32c/8.3.1/../../../../pic32c/lib/thumb/v6-m/nofp\libc-size-musl.a(memcpy.o)
 .debug_abbrev  0x00000000000011d6      0x133 c:/program files/microchip/xc32/v4.45/bin/bin/../../lib/gcc/pic32c/8.3.1/../../../../pic32c/lib/thumb/v6-m/nofp\libc-musl.a(__libc_start_main.o)
 .debug_abbrev  0x0000000000001309       0xd4 c:/program files/microchip/xc32/v4.45/bin/bin/../../lib/gcc/pic32c/8.3.1/../../../../pic32c/lib/thumb/v6-m/nofp\libc-musl.a(libc.o)
 .debug_abbrev  0x00000000000013dd       0x62 c:/program files/microchip/xc32/v4.45/bin/bin/../../lib/gcc/pic32c/8.3.1/../../../../pic32c/lib/thumb/v6-m/nofp\libc-musl.a(__environ.o)
 .debug_abbrev  0x000000000000143f       0x2e c:/program files/microchip/xc32/v4.45/bin/bin/../../lib/gcc/pic32c/8.3.1/../../../../pic32c/lib/thumb/v6-m/nofp\libpic32c.a(pic32_data_init_clear.o)
 .debug_abbrev  0x000000000000146d       0x2e c:/program files/microchip/xc32/v4.45/bin/bin/../../lib/gcc/pic32c/8.3.1/../../../../pic32c/lib/thumb/v6-m/nofp\libpic32c.a(pic32_data_init_copy.o)

.debug_loc      0x0000000000000000     0x1a11
 .debug_loc     0x0000000000000000       0x45 build/sam_c21n_xpro/production/_ext/166077579/plib_clock.o
 .debug_loc     0x0000000000000045       0x25 build/sam_c21n_xpro/production/_ext/1617703085/plib_dac.o
 .debug_loc     0x000000000000006a      0xd4e build/sam_c21n_xpro/production/_ext/1390800348/plib_dmac.o
 .debug_loc     0x0000000000000db8      0x1df build/sam_c21n_xpro/production/_ext/163928093/plib_evsys.o
 .debug_loc     0x0000000000000f97      0x195 build/sam_c21n_xpro/production/_ext/1390493541/plib_nvic.o
 .debug_loc     0x000000000000112c      0x665 build/sam_c21n_xpro/production/_ext/770299191/plib_nvmctrl.o
 .debug_loc     0x0000000000001791       0x48 build/sam_c21n_xpro/production/_ext/1333288856/plib_tc0.o
 .debug_loc     0x00000000000017d9       0x45 build/sam_c21n_xpro/production/_ext/1758384875/initialization.o
 .debug_loc     0x000000000000181e       0x20 build/sam_c21n_xpro/production/_ext/1758384875/startup_xc32.o
 .debug_loc     0x000000000000183e       0x20 build/sam_c21n_xpro/production/_ext/1360937237/main.o
 .debug_loc     0x000000000000185e       0x14 c:/program files/microchip/xc32/v4.45/bin/bin/../../lib/gcc/pic32c/8.3.1/../../../../pic32c/lib/thumb/v6-m/nofp\libpic32c.a(data_init.o)
 .debug_loc     0x0000000000001872      0x12d c:/program files/microchip/xc32/v4.45/bin/bin/../../lib/gcc/pic32c/8.3.1/../../../../pic32c/lib/thumb/v6-m/nofp\libc-size-musl.a(memcpy.o)
 .debug_loc     0x000000000000199f       0x5e c:/program files/microchip/xc32/v4.45/bin/bin/../../lib/gcc/pic32c/8.3.1/../../../../pic32c/lib/thumb/v6-m/nofp\libc-musl.a(__libc_start_main.o)
 .debug_loc     0x00000000000019fd       0x14 c:/program files/microchip/xc32/v4.45/bin/bin/../../lib/gcc/pic32c/8.3.1/../../../../pic32c/lib/thumb/v6-m/nofp\libpic32c.a(pic32_data_init_copy.o)

.debug_aranges  0x0000000000000000      0x440
 .debug_aranges
                0x0000000000000000       0x20 build/sam_c21n_xpro/production/_ext/166077579/plib_clock.o
 .debug_aranges
                0x0000000000000020       0x30 build/sam_c21n_xpro/production/_ext/1617703085/plib_dac.o
 .debug_aranges
                0x0000000000000050       0xa8 build/sam_c21n_xpro/production/_ext/1390800348/plib_dmac.o
 .debug_aranges
                0x00000000000000f8       0x60 build/sam_c21n_xpro/production/_ext/163928093/plib_evsys.o
 .debug_aranges
                0x0000000000000158       0x48 build/sam_c21n_xpro/production/_ext/1390493541/plib_nvic.o
 .debug_aranges
                0x00000000000001a0       0xa0 build/sam_c21n_xpro/production/_ext/770299191/plib_nvmctrl.o
 .debug_aranges
                0x0000000000000240       0x68 build/sam_c21n_xpro/production/_ext/1333288856/plib_tc0.o
 .debug_aranges
                0x00000000000002a8       0x20 build/sam_c21n_xpro/production/_ext/1758384875/initialization.o
 .debug_aranges
                0x00000000000002c8       0x20 build/sam_c21n_xpro/production/_ext/1758384875/interrupts.o
 .debug_aranges
                0x00000000000002e8       0x28 build/sam_c21n_xpro/production/_ext/1758384875/exceptions.o
 .debug_aranges
                0x0000000000000310       0x28 build/sam_c21n_xpro/production/_ext/1758384875/startup_xc32.o
 .debug_aranges
                0x0000000000000338       0x28 build/sam_c21n_xpro/production/_ext/1360937237/main.o
 .debug_aranges
                0x0000000000000360       0x28 c:/program files/microchip/xc32/v4.45/bin/bin/../../lib/gcc/pic32c/8.3.1/../../../../pic32c/lib/thumb/v6-m/nofp\libpic32c.a(data_init.o)
 .debug_aranges
                0x0000000000000388       0x20 c:/program files/microchip/xc32/v4.45/bin/bin/../../lib/gcc/pic32c/8.3.1/../../../../pic32c/lib/thumb/v6-m/nofp\libc-size-musl.a(memcpy.o)
 .debug_aranges
                0x00000000000003a8       0x28 c:/program files/microchip/xc32/v4.45/bin/bin/../../lib/gcc/pic32c/8.3.1/../../../../pic32c/lib/thumb/v6-m/nofp\libc-musl.a(__libc_start_main.o)
 .debug_aranges
                0x00000000000003d0       0x18 c:/program files/microchip/xc32/v4.45/bin/bin/../../lib/gcc/pic32c/8.3.1/../../../../pic32c/lib/thumb/v6-m/nofp\libc-musl.a(libc.o)
 .debug_aranges
                0x00000000000003e8       0x18 c:/program files/microchip/xc32/v4.45/bin/bin/../../lib/gcc/pic32c/8.3.1/../../../../pic32c/lib/thumb/v6-m/nofp\libc-musl.a(__environ.o)
 .debug_aranges
                0x0000000000000400       0x20 c:/program files/microchip/xc32/v4.45/bin/bin/../../lib/gcc/pic32c/8.3.1/../../../../pic32c/lib/thumb/v6-m/nofp\libpic32c.a(pic32_data_init_clear.o)
 .debug_aranges
                0x0000000000000420       0x20 c:/program files/microchip/xc32/v4.45/bin/bin/../../lib/gcc/pic32c/8.3.1/../../../../pic32c/lib/thumb/v6-m/nofp\libpic32c.a(pic32_data_init_copy.o)

.debug_ranges   0x0000000000000000      0x348
 .debug_ranges  0x0000000000000000       0x10 build/sam_c21n_xpro/production/_ext/166077579/plib_clock.o
 .debug_ranges  0x0000000000000010       0x20 build/sam_c21n_xpro/production/_ext/1617703085/plib_dac.o
 .debug_ranges  0x0000000000000030       0xb0 build/sam_c21n_xpro/production/_ext/1390800348/plib_dmac.o
 .debug_ranges  0x00000000000000e0       0x50 build/sam_c21n_xpro/production/_ext/163928093/plib_evsys.o
 .debug_ranges  0x0000000000000130       0x50 build/sam_c21n_xpro/production/_ext/1390493541/plib_nvic.o
 .debug_ranges  0x0000000000000180       0x90 build/sam_c21n_xpro/production/_ext/770299191/plib_nvmctrl.o
 .debug_ranges  0x0000000000000210       0x58 build/sam_c21n_xpro/production/_ext/1333288856/plib_tc0.o
 .debug_ranges  0x0000000000000268       0x10 build/sam_c21n_xpro/production/_ext/1758384875/initialization.o
 .debug_ranges  0x0000000000000278       0x10 build/sam_c21n_xpro/production/_ext/1758384875/interrupts.o
 .debug_ranges  0x0000000000000288       0x18 build/sam_c21n_xpro/production/_ext/1758384875/exceptions.o
 .debug_ranges  0x00000000000002a0       0x18 build/sam_c21n_xpro/production/_ext/1758384875/startup_xc32.o
 .debug_ranges  0x00000000000002b8       0x18 build/sam_c21n_xpro/production/_ext/1360937237/main.o
 .debug_ranges  0x00000000000002d0       0x18 c:/program files/microchip/xc32/v4.45/bin/bin/../../lib/gcc/pic32c/8.3.1/../../../../pic32c/lib/thumb/v6-m/nofp\libpic32c.a(data_init.o)
 .debug_ranges  0x00000000000002e8       0x10 c:/program files/microchip/xc32/v4.45/bin/bin/../../lib/gcc/pic32c/8.3.1/../../../../pic32c/lib/thumb/v6-m/nofp\libc-size-musl.a(memcpy.o)
 .debug_ranges  0x00000000000002f8       0x30 c:/program files/microchip/xc32/v4.45/bin/bin/../../lib/gcc/pic32c/8.3.1/../../../../pic32c/lib/thumb/v6-m/nofp\libc-musl.a(__libc_start_main.o)
 .debug_ranges  0x0000000000000328       0x10 c:/program files/microchip/xc32/v4.45/bin/bin/../../lib/gcc/pic32c/8.3.1/../../../../pic32c/lib/thumb/v6-m/nofp\libpic32c.a(pic32_data_init_clear.o)
 .debug_ranges  0x0000000000000338       0x10 c:/program files/microchip/xc32/v4.45/bin/bin/../../lib/gcc/pic32c/8.3.1/../../../../pic32c/lib/thumb/v6-m/nofp\libpic32c.a(pic32_data_init_copy.o)

.debug_line     0x0000000000000000     0x25d5
 .debug_line    0x0000000000000000      0x211 build/sam_c21n_xpro/production/_ext/166077579/plib_clock.o
 .debug_line    0x0000000000000211      0x167 build/sam_c21n_xpro/production/_ext/1617703085/plib_dac.o
 .debug_line    0x0000000000000378      0x810 build/sam_c21n_xpro/production/_ext/1390800348/plib_dmac.o
 .debug_line    0x0000000000000b88      0x264 build/sam_c21n_xpro/production/_ext/163928093/plib_evsys.o
 .debug_line    0x0000000000000dec      0x3cf build/sam_c21n_xpro/production/_ext/1390493541/plib_nvic.o
 .debug_line    0x00000000000011bb      0x454 build/sam_c21n_xpro/production/_ext/770299191/plib_nvmctrl.o
 .debug_line    0x000000000000160f      0x2fa build/sam_c21n_xpro/production/_ext/1333288856/plib_tc0.o
 .debug_line    0x0000000000001909      0x29d build/sam_c21n_xpro/production/_ext/1758384875/initialization.o
 .debug_line    0x0000000000001ba6       0xc0 build/sam_c21n_xpro/production/_ext/1758384875/interrupts.o
 .debug_line    0x0000000000001c66       0x74 build/sam_c21n_xpro/production/_ext/1758384875/exceptions.o
 .debug_line    0x0000000000001cda      0x15d build/sam_c21n_xpro/production/_ext/1758384875/startup_xc32.o
 .debug_line    0x0000000000001e37      0x1bf build/sam_c21n_xpro/production/_ext/1360937237/main.o
 .debug_line    0x0000000000001ff6       0x8e c:/program files/microchip/xc32/v4.45/bin/bin/../../lib/gcc/pic32c/8.3.1/../../../../pic32c/lib/thumb/v6-m/nofp\libpic32c.a(data_init.o)
 .debug_line    0x0000000000002084       0xee c:/program files/microchip/xc32/v4.45/bin/bin/../../lib/gcc/pic32c/8.3.1/../../../../pic32c/lib/thumb/v6-m/nofp\libc-size-musl.a(memcpy.o)
 .debug_line    0x0000000000002172      0x1bc c:/program files/microchip/xc32/v4.45/bin/bin/../../lib/gcc/pic32c/8.3.1/../../../../pic32c/lib/thumb/v6-m/nofp\libc-musl.a(__libc_start_main.o)
 .debug_line    0x000000000000232e       0xb5 c:/program files/microchip/xc32/v4.45/bin/bin/../../lib/gcc/pic32c/8.3.1/../../../../pic32c/lib/thumb/v6-m/nofp\libc-musl.a(libc.o)
 .debug_line    0x00000000000023e3       0xfb c:/program files/microchip/xc32/v4.45/bin/bin/../../lib/gcc/pic32c/8.3.1/../../../../pic32c/lib/thumb/v6-m/nofp\libc-musl.a(__environ.o)
 .debug_line    0x00000000000024de       0x6f c:/program files/microchip/xc32/v4.45/bin/bin/../../lib/gcc/pic32c/8.3.1/../../../../pic32c/lib/thumb/v6-m/nofp\libpic32c.a(pic32_data_init_clear.o)
 .debug_line    0x000000000000254d       0x88 c:/program files/microchip/xc32/v4.45/bin/bin/../../lib/gcc/pic32c/8.3.1/../../../../pic32c/lib/thumb/v6-m/nofp\libpic32c.a(pic32_data_init_copy.o)

.debug_str      0x0000000000000000     0x4e85
 .debug_str     0x0000000000000000      0x643 build/sam_c21n_xpro/production/_ext/166077579/plib_clock.o
 .debug_str     0x0000000000000643      0x395 build/sam_c21n_xpro/production/_ext/1617703085/plib_dac.o
 .debug_str     0x00000000000009d8      0x959 build/sam_c21n_xpro/production/_ext/1390800348/plib_dmac.o
 .debug_str     0x0000000000001331      0x4db build/sam_c21n_xpro/production/_ext/163928093/plib_evsys.o
 .debug_str     0x000000000000180c      0x679 build/sam_c21n_xpro/production/_ext/1390493541/plib_nvic.o
 .debug_str     0x0000000000001e85      0x594 build/sam_c21n_xpro/production/_ext/770299191/plib_nvmctrl.o
 .debug_str     0x0000000000002419      0x559 build/sam_c21n_xpro/production/_ext/1333288856/plib_tc0.o
 .debug_str     0x0000000000002972      0x42f build/sam_c21n_xpro/production/_ext/1758384875/initialization.o
 .debug_str     0x0000000000002da1      0x5f6 build/sam_c21n_xpro/production/_ext/1758384875/interrupts.o
 .debug_str     0x0000000000003397      0x2b7 build/sam_c21n_xpro/production/_ext/1758384875/exceptions.o
 .debug_str     0x000000000000364e      0x329 build/sam_c21n_xpro/production/_ext/1758384875/startup_xc32.o
 .debug_str     0x0000000000003977      0x422 build/sam_c21n_xpro/production/_ext/1360937237/main.o
 .debug_str     0x0000000000003d99      0x1eb c:/program files/microchip/xc32/v4.45/bin/bin/../../lib/gcc/pic32c/8.3.1/../../../../pic32c/lib/thumb/v6-m/nofp\libpic32c.a(data_init.o)
 .debug_str     0x0000000000003f84      0x225 c:/program files/microchip/xc32/v4.45/bin/bin/../../lib/gcc/pic32c/8.3.1/../../../../pic32c/lib/thumb/v6-m/nofp\libc-size-musl.a(memcpy.o)
 .debug_str     0x00000000000041a9      0x3ca c:/program files/microchip/xc32/v4.45/bin/bin/../../lib/gcc/pic32c/8.3.1/../../../../pic32c/lib/thumb/v6-m/nofp\libc-musl.a(__libc_start_main.o)
 .debug_str     0x0000000000004573      0x335 c:/program files/microchip/xc32/v4.45/bin/bin/../../lib/gcc/pic32c/8.3.1/../../../../pic32c/lib/thumb/v6-m/nofp\libc-musl.a(libc.o)
 .debug_str     0x00000000000048a8      0x235 c:/program files/microchip/xc32/v4.45/bin/bin/../../lib/gcc/pic32c/8.3.1/../../../../pic32c/lib/thumb/v6-m/nofp\libc-musl.a(__environ.o)
 .debug_str     0x0000000000004add      0x1d5 c:/program files/microchip/xc32/v4.45/bin/bin/../../lib/gcc/pic32c/8.3.1/../../../../pic32c/lib/thumb/v6-m/nofp\libpic32c.a(pic32_data_init_clear.o)
 .debug_str     0x0000000000004cb2      0x1d3 c:/program files/microchip/xc32/v4.45/bin/bin/../../lib/gcc/pic32c/8.3.1/../../../../pic32c/lib/thumb/v6-m/nofp\libpic32c.a(pic32_data_init_copy.o)

.debug_frame    0x0000000000000000      0x6f8
 .debug_frame   0x0000000000000000       0x20 build/sam_c21n_xpro/production/_ext/166077579/plib_clock.o
 .debug_frame   0x0000000000000020       0x40 build/sam_c21n_xpro/production/_ext/1617703085/plib_dac.o
 .debug_frame   0x0000000000000060      0x1b4 build/sam_c21n_xpro/production/_ext/1390800348/plib_dmac.o
 .debug_frame   0x0000000000000214       0xa8 build/sam_c21n_xpro/production/_ext/163928093/plib_evsys.o
 .debug_frame   0x00000000000002bc       0x7c build/sam_c21n_xpro/production/_ext/1390493541/plib_nvic.o
 .debug_frame   0x0000000000000338      0x148 build/sam_c21n_xpro/production/_ext/770299191/plib_nvmctrl.o
 .debug_frame   0x0000000000000480       0xb0 build/sam_c21n_xpro/production/_ext/1333288856/plib_tc0.o
 .debug_frame   0x0000000000000530       0x28 build/sam_c21n_xpro/production/_ext/1758384875/initialization.o
 .debug_frame   0x0000000000000558       0x20 build/sam_c21n_xpro/production/_ext/1758384875/interrupts.o
 .debug_frame   0x0000000000000578       0x30 build/sam_c21n_xpro/production/_ext/1758384875/exceptions.o
 .debug_frame   0x00000000000005a8       0x38 build/sam_c21n_xpro/production/_ext/1758384875/startup_xc32.o
 .debug_frame   0x00000000000005e0       0x38 build/sam_c21n_xpro/production/_ext/1360937237/main.o
 .debug_frame   0x0000000000000618       0x38 c:/program files/microchip/xc32/v4.45/bin/bin/../../lib/gcc/pic32c/8.3.1/../../../../pic32c/lib/thumb/v6-m/nofp\libpic32c.a(data_init.o)
 .debug_frame   0x0000000000000650       0x28 c:/program files/microchip/xc32/v4.45/bin/bin/../../lib/gcc/pic32c/8.3.1/../../../../pic32c/lib/thumb/v6-m/nofp\libc-size-musl.a(memcpy.o)
 .debug_frame   0x0000000000000678       0x38 c:/program files/microchip/xc32/v4.45/bin/bin/../../lib/gcc/pic32c/8.3.1/../../../../pic32c/lib/thumb/v6-m/nofp\libc-musl.a(__libc_start_main.o)
 .debug_frame   0x00000000000006b0       0x20 c:/program files/microchip/xc32/v4.45/bin/bin/../../lib/gcc/pic32c/8.3.1/../../../../pic32c/lib/thumb/v6-m/nofp\libpic32c.a(pic32_data_init_clear.o)
 .debug_frame   0x00000000000006d0       0x28 c:/program files/microchip/xc32/v4.45/bin/bin/../../lib/gcc/pic32c/8.3.1/../../../../pic32c/lib/thumb/v6-m/nofp\libpic32c.a(pic32_data_init_copy.o)

.note.GNU-stack
                0x0000000000000000        0x0
 .note.GNU-stack
                0x0000000000000000        0x0 c:/program files/microchip/xc32/v4.45/bin/bin/../../lib/gcc/pic32c/8.3.1/../../../../pic32c/lib/thumb/v6-m/nofp\libc-size-musl.a(memcpy.o)
 .note.GNU-stack
                0x0000000000000000        0x0 c:/program files/microchip/xc32/v4.45/bin/bin/../../lib/gcc/pic32c/8.3.1/../../../../pic32c/lib/thumb/v6-m/nofp\libc-musl.a(__libc_start_main.o)
 .note.GNU-stack
                0x0000000000000000        0x0 c:/program files/microchip/xc32/v4.45/bin/bin/../../lib/gcc/pic32c/8.3.1/../../../../pic32c/lib/thumb/v6-m/nofp\libc-musl.a(libc.o)
 .note.GNU-stack
                0x0000000000000000        0x0 c:/program files/microchip/xc32/v4.45/bin/bin/../../lib/gcc/pic32c/8.3.1/../../../../pic32c/lib/thumb/v6-m/nofp\libc-musl.a(__environ.o)

.stack          0x00000000200002d8      0x100
 .stack         0x00000000200002d8      0x100 stack

.bss%1          0x0000000020000000       0x50
 .bss           0x0000000020000000       0x50 c:/program files/microchip/xc32/v4.45/bin/bin/../../lib/gcc/pic32c/8.3.1/../../../../pic32c/lib/thumb/v6-m/nofp\libc-musl.a(libc.o)
                0x0000000020000000                __progname_full
                0x0000000020000000                program_invocation_name
                0x0000000020000004                program_invocation_short_name
                0x0000000020000004                __progname
                0x0000000020000008                __sysinfo
                0x000000002000000c                __hwcap
                0x0000000020000010                __libc

.bss%2          0x0000000020000050       0x1c
 .bss           0x0000000020000050       0x1c c:/program files/microchip/xc32/v4.45/bin/bin/../../lib/gcc/pic32c/8.3.1/thumb/v6-m/nofp/crtbegin.o

.bss.descriptor_section%3
                0x0000000020000070       0x10
 .bss.descriptor_section
                0x0000000020000070       0x10 build/sam_c21n_xpro/production/_ext/1390800348/plib_dmac.o

.bss.dmacChannelObj%4
                0x0000000020000080       0x10
 .bss.dmacChannelObj
                0x0000000020000080       0x10 build/sam_c21n_xpro/production/_ext/1390800348/plib_dmac.o

.bss.write_back_section%5
                0x0000000020000090       0x10
 .bss.write_back_section
                0x0000000020000090       0x10 build/sam_c21n_xpro/production/_ext/1390800348/plib_dmac.o

.bss.pTxLinkedListDesc%6
                0x00000000200000a0       0x10
 .bss.pTxLinkedListDesc
                0x00000000200000a0       0x10 build/sam_c21n_xpro/production/_ext/1360937237/main.o

.bss.evsys%7    0x00000000200000b0        0x8
 .bss.evsys     0x00000000200000b0        0x8 build/sam_c21n_xpro/production/_ext/163928093/plib_evsys.o

.bss%8          0x000000002000006c        0x4
 .bss           0x000000002000006c        0x4 c:/program files/microchip/xc32/v4.45/bin/bin/../../lib/gcc/pic32c/8.3.1/../../../../pic32c/lib/thumb/v6-m/nofp\libpic32c.a(data_init.o)

.bss%9          0x00000000200000b8        0x4
 .bss           0x00000000200000b8        0x4 c:/program files/microchip/xc32/v4.45/bin/bin/../../lib/gcc/pic32c/8.3.1/../../../../pic32c/lib/thumb/v6-m/nofp\libc-musl.a(__environ.o)
                0x00000000200000b8                __environ
                0x00000000200000b8                environ
                0x00000000200000b8                ___environ
                0x00000000200000b8                _environ

.eh_frame%z1    0x0000000000000000        0x0
 .eh_frame      0x0000000000000000        0x0 c:/program files/microchip/xc32/v4.45/bin/bin/../../lib/gcc/pic32c/8.3.1/thumb/v6-m/nofp/crtbegin.o

.config_00804000.__config_00804000%10
                0x0000000000804000        0x4
 .config_00804000.__config_00804000
                0x0000000000804000        0x4 build/sam_c21n_xpro/production/_ext/1758384875/initialization.o
                0x0000000000804000                __config_00804000

.config_00804004.__config_00804004%11
                0x0000000000804004        0x4
 .config_00804004.__config_00804004
                0x0000000000804004        0x4 build/sam_c21n_xpro/production/_ext/1758384875/initialization.o
                0x0000000000804004                __config_00804004

.rodata.sine_wave%12
                0x00000000000000dc     0x2710
 .rodata.sine_wave
                0x00000000000000dc     0x2710 build/sam_c21n_xpro/production/_ext/1360937237/main.o
                0x00000000000000dc                sine_wave

.text.CLOCK_Initialize%13
                0x00000000000027ec       0xb0
 .text.CLOCK_Initialize
                0x00000000000027ec       0xb0 build/sam_c21n_xpro/production/_ext/166077579/plib_clock.o
                0x00000000000027ec                CLOCK_Initialize

.text.DMAC_InterruptHandler%14
                0x000000000000289c       0x7c
 .text.DMAC_InterruptHandler
                0x000000000000289c       0x7c build/sam_c21n_xpro/production/_ext/1390800348/plib_dmac.o
                0x000000000000289c                DMAC_InterruptHandler

.text.DMAC_ChannelLinkedListTransfer%15
                0x0000000000002918       0x78
 .text.DMAC_ChannelLinkedListTransfer
                0x0000000000002918       0x78 build/sam_c21n_xpro/production/_ext/1390800348/plib_dmac.o
                0x0000000000002918                DMAC_ChannelLinkedListTransfer

.dinit%16       0x0000000000002990       0x60
 .dinit         0x0000000000002990       0x60 data_init

.text.__libc_start_init%17
                0x00000000000029f0       0x5c
 .text.__libc_start_init
                0x00000000000029f0       0x5c c:/program files/microchip/xc32/v4.45/bin/bin/../../lib/gcc/pic32c/8.3.1/../../../../pic32c/lib/thumb/v6-m/nofp\libc-musl.a(__libc_start_main.o)
                0x00000000000029f0                __libc_init_array

.text.DMAC_Initialize%18
                0x0000000000002a4c       0x58
 .text.DMAC_Initialize
                0x0000000000002a4c       0x58 build/sam_c21n_xpro/production/_ext/1390800348/plib_dmac.o
                0x0000000000002a4c                DMAC_Initialize

.text%19        0x0000000000002aa4       0x48
 .text          0x0000000000002aa4       0x48 c:/program files/microchip/xc32/v4.45/bin/bin/../../lib/gcc/pic32c/8.3.1/thumb/v6-m/nofp/crtbegin.o

.text.Reset_Handler%20
                0x0000000000002aec       0x48
 .text.Reset_Handler
                0x0000000000002aec       0x48 build/sam_c21n_xpro/production/_ext/1758384875/startup_xc32.o
                0x0000000000002aec                Reset_Handler

.text.EVSYS_InterruptHandler%21
                0x0000000000002b34       0x3c
 .text.EVSYS_InterruptHandler
                0x0000000000002b34       0x3c build/sam_c21n_xpro/production/_ext/163928093/plib_evsys.o
                0x0000000000002b34                EVSYS_InterruptHandler

.text.NVIC_Initialize%22
                0x0000000000002b70       0x3c
 .text.NVIC_Initialize
                0x0000000000002b70       0x3c build/sam_c21n_xpro/production/_ext/1390493541/plib_nvic.o
                0x0000000000002b70                NVIC_Initialize

.text.TC0_TimerInitialize%23
                0x0000000000002bac       0x34
 .text.TC0_TimerInitialize
                0x0000000000002bac       0x34 build/sam_c21n_xpro/production/_ext/1333288856/plib_tc0.o
                0x0000000000002bac                TC0_TimerInitialize

.text.InitializeTxLinkedListDescriptor%24
                0x0000000000002be0       0x34
 .text.InitializeTxLinkedListDescriptor
                0x0000000000002be0       0x34 build/sam_c21n_xpro/production/_ext/1360937237/main.o
                0x0000000000002be0                InitializeTxLinkedListDescriptor

.text.__pic32c_data_initialization%25
                0x0000000000002c14       0x34
 .text.__pic32c_data_initialization
                0x0000000000002c14       0x34 c:/program files/microchip/xc32/v4.45/bin/bin/../../lib/gcc/pic32c/8.3.1/../../../../pic32c/lib/thumb/v6-m/nofp\libpic32c.a(data_init.o)
                0x0000000000002c14                __pic32c_data_initialization

.text.SYS_Initialize%26
                0x0000000000002c48       0x2c
 .text.SYS_Initialize
                0x0000000000002c48       0x2c build/sam_c21n_xpro/production/_ext/1758384875/initialization.o
                0x0000000000002c48                SYS_Initialize

.text.main%27   0x0000000000002c74       0x20
 .text.main     0x0000000000002c74       0x20 build/sam_c21n_xpro/production/_ext/1360937237/main.o
                0x0000000000002c74                main

.text.__dinit_copy%28
                0x0000000000002c94       0x1e
 .text.__dinit_copy
                0x0000000000002c94       0x1e c:/program files/microchip/xc32/v4.45/bin/bin/../../lib/gcc/pic32c/8.3.1/../../../../pic32c/lib/thumb/v6-m/nofp\libpic32c.a(pic32_data_init_copy.o)
                0x0000000000002c94                __dinit_copy_needed
                0x0000000000002c94                __dinit_copy

.text.DAC_Initialize%29
                0x0000000000002cb4       0x1c
 .text.DAC_Initialize
                0x0000000000002cb4       0x1c build/sam_c21n_xpro/production/_ext/1617703085/plib_dac.o
                0x0000000000002cb4                DAC_Initialize

.text.EVSYS_Initialize%30
                0x0000000000002cd0       0x1c
 .text.EVSYS_Initialize
                0x0000000000002cd0       0x1c build/sam_c21n_xpro/production/_ext/163928093/plib_evsys.o
                0x0000000000002cd0                EVSYS_Initialize

.text.TC0_TimerStart%31
                0x0000000000002cec       0x1c
 .text.TC0_TimerStart
                0x0000000000002cec       0x1c build/sam_c21n_xpro/production/_ext/1333288856/plib_tc0.o
                0x0000000000002cec                TC0_TimerStart

.rodata%32      0x0000000000002d08       0x14
 .rodata        0x0000000000002d08       0x14 c:/program files/microchip/xc32/v4.45/bin/bin/../../lib/gcc/pic32c/8.3.1/../../../../pic32c/lib/thumb/v6-m/nofp\libpic32c.a(data_init.o)

.text.memcpy%33
                0x0000000000002d1c       0x14
 .text.memcpy   0x0000000000002d1c       0x14 c:/program files/microchip/xc32/v4.45/bin/bin/../../lib/gcc/pic32c/8.3.1/../../../../pic32c/lib/thumb/v6-m/nofp\libc-size-musl.a(memcpy.o)
                0x0000000000002d1c                memcpy

.text.__dinit_clear%34
                0x0000000000002d30       0x12
 .text.__dinit_clear
                0x0000000000002d30       0x12 c:/program files/microchip/xc32/v4.45/bin/bin/../../lib/gcc/pic32c/8.3.1/../../../../pic32c/lib/thumb/v6-m/nofp\libpic32c.a(pic32_data_init_clear.o)
                0x0000000000002d30                __dinit_clear
                0x0000000000002d30                __dinit_clear_needed

.text.NVMCTRL_Initialize%35
                0x0000000000002d44        0xc
 .text.NVMCTRL_Initialize
                0x0000000000002d44        0xc build/sam_c21n_xpro/production/_ext/770299191/plib_nvmctrl.o
                0x0000000000002d44                NVMCTRL_Initialize

.text.__dummy_decompress%36
                0x0000000000002d50        0x4
 .text.__dummy_decompress
                0x0000000000002d50        0x4 c:/program files/microchip/xc32/v4.45/bin/bin/../../lib/gcc/pic32c/8.3.1/../../../../pic32c/lib/thumb/v6-m/nofp\libpic32c.a(data_init.o)
                0x0000000000002d50                __dinit_decompress
                0x0000000000002d50                __dinit_copy_val_data
                0x0000000000002d50                __dinit_copy_emb

.text.Dummy_Handler%37
                0x0000000000002cb2        0x2
 .text.Dummy_Handler
                0x0000000000002cb2        0x2 build/sam_c21n_xpro/production/_ext/1758384875/interrupts.o
                0x0000000000002cb2                SVCall_Handler
                0x0000000000002cb2                AC_Handler
                0x0000000000002cb2                SysTick_Handler
                0x0000000000002cb2                PendSV_Handler
                0x0000000000002cb2                TCC1_Handler
                0x0000000000002cb2                TC2_7_Handler
                0x0000000000002cb2                SERCOM2_Handler
                0x0000000000002cb2                TCC0_Handler
                0x0000000000002cb2                TC1_6_Handler
                0x0000000000002cb2                RTC_Handler
                0x0000000000002cb2                ADC1_Handler
                0x0000000000002cb2                EIC_Handler
                0x0000000000002cb2                SERCOM1_7_Handler
                0x0000000000002cb2                WDT_Handler
                0x0000000000002cb2                CAN0_Handler
                0x0000000000002cb2                TC4_Handler
                0x0000000000002cb2                TC3_Handler
                0x0000000000002cb2                SDADC_Handler
                0x0000000000002cb2                Dummy_Handler
                0x0000000000002cb2                TC0_5_Handler
                0x0000000000002cb2                SERCOM5_Handler
                0x0000000000002cb2                CAN1_Handler
                0x0000000000002cb2                ADC0_Handler
                0x0000000000002cb2                TSENS_Handler
                0x0000000000002cb2                TCC2_Handler
                0x0000000000002cb2                SERCOM3_Handler
                0x0000000000002cb2                SERCOM4_Handler
                0x0000000000002cb2                NVMCTRL_Handler
                0x0000000000002cb2                SYSTEM_Handler
                0x0000000000002cb2                DAC_Handler
                0x0000000000002cb2                PTC_Handler
                0x0000000000002cb2                SERCOM0_6_Handler
                0x0000000000002cb2                FREQM_Handler

.text.NonMaskableInt_Handler%38
                0x0000000000002d42        0x2
 .text.NonMaskableInt_Handler
                0x0000000000002d42        0x2 build/sam_c21n_xpro/production/_ext/1758384875/exceptions.o
                0x0000000000002d42                NonMaskableInt_Handler

.text.HardFault_Handler%39
                0x0000000000002d54        0x2
 .text.HardFault_Handler
                0x0000000000002d54        0x2 build/sam_c21n_xpro/production/_ext/1758384875/exceptions.o
                0x0000000000002d54                HardFault_Handler

.text.Dummy_App_Func%40
                0x0000000000002d56        0x2
 .text.Dummy_App_Func
                0x0000000000002d56        0x2 build/sam_c21n_xpro/production/_ext/1758384875/startup_xc32.o
                0x0000000000002d56                _on_reset
                0x0000000000002d56                _on_bootstrap
                0x0000000000002d56                __xc32_on_reset
                0x0000000000002d56                Dummy_App_Func
                0x0000000000002d56                __xc32_on_bootstrap

.text.__dummy%41
                0x0000000000002d58        0x2
 .text.__dummy  0x0000000000002d58        0x2 c:/program files/microchip/xc32/v4.45/bin/bin/../../lib/gcc/pic32c/8.3.1/../../../../pic32c/lib/thumb/v6-m/nofp\libc-musl.a(__libc_start_main.o)
                0x0000000000002d58                __init_stdio
                0x0000000000002d58                __init_host
